// Jest Snapshot v1, https://goo.gl/fbAQLP

exports[`Header component tests it renders correctly 1`] = `
<header
  className="sc-bdvvtL kjIayS"
>
  <nav
    className="sc-gsDKAQ fcsUSU"
  >
    <div
      className="sc-dkPtRN ljgGG"
    >
      <a
        href="/"
        onClick={[Function]}
      >
        <img
          alt="back-icon"
          src="back-arrow.png"
          style={
            Object {
              "filter": "invert(100)",
              "height": "1.4rem",
              "width": "1.4rem",
            }
          }
        />
      </a>
    </div>
    <a
      href="/"
      onClick={[Function]}
      style={
        Object {
          "color": "white",
          "fontFamily": "Lato",
          "fontSize": "0.8rem",
          "textDecoration": "none",
        }
      }
    >
      Daily Covid-19
    </a>
    <div
      className="sc-hKwDye grShSB"
    >
      <img
        alt="microphone-icon"
        src="microphone.png"
        style={
          Object {
            "filter": "invert(100)",
            "height": "1.1rem",
            "paddingRight": "1rem",
            "width": "1.1rem",
          }
        }
      />
      <img
        alt="settings-icon"
        src="settings.png"
        style={
          Object {
            "filter": "invert(100)",
            "height": "1.1rem",
            "width": "1.1rem",
          }
        }
      />
    </div>
  </nav>
</header>
`;
